// Jest Snapshot v1, https://goo.gl/fbAQLP

exports[`Favorites matches the snapshot 1`] = `<Connect(Favorites) />`;
