// Jest Snapshot v1, https://goo.gl/fbAQLP

exports[`Results matches the snapshot 1`] = `<Connect(Results) />`;
