// Jest Snapshot v1, https://goo.gl/fbAQLP

exports[`Display matches the snapshot 1`] = `<Connect(Display) />`;
